exports[`test VueProvider provides the theme prop and V1 SDK prop to children via React's context 1`] = `
<VueProvider
  runQuery={[Function]}
  theme={
    Object {
      "values": Object {
        "_name": "Test Theme",
        "themeProperty": "theme property value",
      },
    }
  }>
  <V1Provider
    runQuery={[Function]}>
    <ThemeProvider
      theme={
        Object {
          "values": Object {
            "_name": "Test Theme",
            "themeProperty": "theme property value",
          },
        }
      }>
      <Provider>
        <span>
          Hello World
        </span>
      </Provider>
    </ThemeProvider>
  </V1Provider>
</VueProvider>
`;
