// Jest Snapshot v1, https://goo.gl/fbAQLP

exports[`VersionOneUIProvider provides the theme prop and V1 SDK prop to children via React's context 1`] = `
<VersionOneUIProvider
  runQuery={[Function]}
  theme={
    Object {
      "values": Object {
        "_name": "Test Theme",
        "themeProperty": "theme property value",
      },
    }
  }
>
  <V1Provider
    runQuery={[Function]}
  >
    <ThemeProvider
      theme={
        Object {
          "values": Object {
            "_name": "Test Theme",
            "themeProperty": "theme property value",
          },
        }
      }
    >
      <Provider
        store={
          Object {
            "dispatch": [Function],
            "getState": [Function],
            "replaceReducer": [Function],
            "subscribe": [Function],
            Symbol(observable): [Function],
          }
        }
      >
        <span>
          Hello World
        </span>
      </Provider>
    </ThemeProvider>
  </V1Provider>
</VersionOneUIProvider>
`;
